#
# There is insufficient memory for the Java Runtime Environment to continue.
# Native memory allocation (malloc) failed to allocate 1048576 bytes for AllocateHeap
# Possible reasons:
#   The system is out of physical RAM or swap space
#   The process is running with CompressedOops enabled, and the Java Heap may be blocking the growth of the native heap
# Possible solutions:
#   Reduce memory load on the system
#   Increase physical memory or swap space
#   Check if swap backing store is full
#   Decrease Java heap size (-Xmx/-Xms)
#   Decrease number of Java threads
#   Decrease Java thread stack sizes (-Xss)
#   Set larger code cache with -XX:ReservedCodeCacheSize=
#   JVM is running with Unscaled Compressed Oops mode in which the Java heap is
#     placed in the first 4GB address space. The Java Heap base address is the
#     maximum limit for the native heap growth. Please use -XX:HeapBaseMinAddress
#     to set the Java Heap base and to place the Java Heap above 4GB virtual address.
# This output file may be truncated or incomplete.
#
#  Out of Memory Error (memory/allocation.inline.hpp:61), pid=30144, tid=0x0000000000006658
#
# JRE version:  (8.0_442-b06) (build )
# Java VM: OpenJDK 64-Bit Server VM (25.442-b06 mixed mode windows-amd64 compressed oops)
# Failed to write core dump. Minidumps are not enabled by default on client versions of Windows
#

---------------  T H R E A D  ---------------

Current thread (0x0000020fc8231800):  JavaThread "Unknown thread" [_thread_in_vm, id=26200, stack(0x00000045da200000,0x00000045da300000)]

Stack: [0x00000045da200000,0x00000045da300000]
[error occurred during error reporting (printing stack bounds), id 0xc0000005]

Native frames: (J=compiled Java code, j=interpreted, Vv=VM code, C=native code)


---------------  P R O C E S S  ---------------

Java Threads: ( => current thread )

Other Threads:

=>0x0000020fc8231800 (exited) JavaThread "Unknown thread" [_thread_in_vm, id=26200, stack(0x00000045da200000,0x00000045da300000)]

VM state:not at safepoint (normal execution)

VM Mutex/Monitor currently owned by a thread: None

heap address: 0x00000000ff000000, size: 16 MB, Compressed Oops mode: 32-bit
Narrow klass base: 0x0000000000000000, Narrow klass shift: 3
Compressed class space size: 1073741824 Address: 0x0000000100000000

Heap:
 PSYoungGen      total 4608K, used 81K [0x00000000ffb00000, 0x0000000100000000, 0x0000000100000000)
  eden space 4096K, 2% used [0x00000000ffb00000,0x00000000ffb147b8,0x00000000fff00000)
  from space 512K, 0% used [0x00000000fff80000,0x00000000fff80000,0x0000000100000000)
  to   space 512K, 0% used [0x00000000fff00000,0x00000000fff00000,0x00000000fff80000)
 ParOldGen       total 11264K, used 0K [0x00000000ff000000, 0x00000000ffb00000, 0x00000000ffb00000)
  object space 11264K, 0% used [0x00000000ff000000,0x00000000ff000000,0x00000000ffb00000)
 Metaspace       used 779K, capacity 4480K, committed 4480K, reserved 1056768K
  class space    used 76K, capacity 384K, committed 384K, reserved 1048576K

Card table byte_map: [0x0000020fc8730000,0x0000020fc8740000] byte_map_base: 0x0000020fc7f38000

Marking Bits: (ParMarkBitMap*) 0x00000000778ec930
 Begin Bits: [0x0000020fc8750000, 0x0000020fc8790000)
 End Bits:   [0x0000020fc8790000, 0x0000020fc87d0000)

Polling page: 0x0000020fc8700000

CodeCache: size=245760Kb used=328Kb max_used=328Kb free=245431Kb
 bounds [0x0000020fc9e00000, 0x0000020fca070000, 0x0000020fd8e00000]
 total_blobs=57 nmethods=0 adapters=38
 compilation: enabled

Compilation events (0 events):
No events

GC Heap History (0 events):
No events

Deoptimization events (0 events):
No events

Classes redefined (0 events):
No events

Internal exceptions (0 events):
No events

Events (10 events):
Event: 1.036 loading class java/lang/Short
Event: 1.036 loading class java/lang/Short done
Event: 1.036 loading class java/lang/Integer
Event: 1.036 loading class java/lang/Integer done
Event: 1.036 loading class java/lang/Long
Event: 1.036 loading class java/lang/Long done
Event: 1.037 loading class java/lang/NullPointerException
Event: 1.037 loading class java/lang/NullPointerException done
Event: 1.037 loading class java/lang/ArithmeticException
Event: 1.037 loading class java/lang/ArithmeticException done


Dynamic libraries:
0x00007ff7f55e0000 - 0x00007ff7f562d000 	C:\Program Files\Java\jdk-8.0.442.6-hotspot\bin\javaw.exe
0x00007ffdae9a0000 - 0x00007ffdaec08000 	C:\WINDOWS\SYSTEM32\ntdll.dll
0x00007ffdadf10000 - 0x00007ffdadfd9000 	C:\WINDOWS\System32\KERNEL32.DLL
0x00007ffdac100000 - 0x00007ffdac4f8000 	C:\WINDOWS\System32\KERNELBASE.dll
0x00007ffdad3c0000 - 0x00007ffdad474000 	C:\WINDOWS\System32\ADVAPI32.dll
0x00007ffdae370000 - 0x00007ffdae419000 	C:\WINDOWS\System32\msvcrt.dll
0x00007ffdae6d0000 - 0x00007ffdae776000 	C:\WINDOWS\System32\sechost.dll
0x00007ffdadc60000 - 0x00007ffdadd78000 	C:\WINDOWS\System32\RPCRT4.dll
0x00007ffdae4a0000 - 0x00007ffdae667000 	C:\WINDOWS\System32\USER32.dll
0x00007ffdabaf0000 - 0x00007ffdabb17000 	C:\WINDOWS\System32\win32u.dll
0x00007ffdadc30000 - 0x00007ffdadc5b000 	C:\WINDOWS\System32\GDI32.dll
0x00007ffdabb20000 - 0x00007ffdabc4c000 	C:\WINDOWS\System32\gdi32full.dll
0x00007ffdabd90000 - 0x00007ffdabe33000 	C:\WINDOWS\System32\msvcp_win.dll
0x00007ffdabfb0000 - 0x00007ffdac0fb000 	C:\WINDOWS\System32\ucrtbase.dll
0x00007ffd8a160000 - 0x00007ffd8a3f4000 	C:\WINDOWS\WinSxS\amd64_microsoft.windows.common-controls_6595b64144ccf1df_6.0.26100.7019_none_3e06ffa0e335b8a8\COMCTL32.dll
0x00007ffdad650000 - 0x00007ffdad681000 	C:\WINDOWS\System32\IMM32.DLL
0x00007ffd70960000 - 0x00007ffd7097e000 	C:\Program Files\Java\jdk-8.0.442.6-hotspot\jre\bin\vcruntime140.dll
0x00007ffd97a60000 - 0x00007ffd97a6c000 	C:\Program Files\Java\jdk-8.0.442.6-hotspot\jre\bin\vcruntime140_1.dll
0x00007ffd59e10000 - 0x00007ffd59e9d000 	C:\Program Files\Java\jdk-8.0.442.6-hotspot\jre\bin\msvcp140.dll
0x00000000770d0000 - 0x0000000077966000 	C:\Program Files\Java\jdk-8.0.442.6-hotspot\jre\bin\server\jvm.dll
0x00007ffdad480000 - 0x00007ffdad488000 	C:\WINDOWS\System32\PSAPI.DLL
0x00007ffda55b0000 - 0x00007ffda55e5000 	C:\WINDOWS\SYSTEM32\WINMM.dll
0x00007ffd918c0000 - 0x00007ffd918ca000 	C:\WINDOWS\SYSTEM32\WSOCK32.dll
0x00007ffda5130000 - 0x00007ffda513b000 	C:\WINDOWS\SYSTEM32\VERSION.dll
0x00007ffdad340000 - 0x00007ffdad3b4000 	C:\WINDOWS\System32\WS2_32.dll
0x00007ffdaa8b0000 - 0x00007ffdaa8cb000 	C:\WINDOWS\SYSTEM32\kernel.appcore.dll
0x00007ffd8d430000 - 0x00007ffd8d440000 	C:\Program Files\Java\jdk-8.0.442.6-hotspot\jre\bin\verify.dll
0x00007ffd70930000 - 0x00007ffd7095b000 	C:\Program Files\Java\jdk-8.0.442.6-hotspot\jre\bin\java.dll
0x00007ffd70910000 - 0x00007ffd70928000 	C:\Program Files\Java\jdk-8.0.442.6-hotspot\jre\bin\zip.dll

VM Arguments:
jvm_args: -Xmx16m 
java_command: org.eclipse.jdt.internal.launching.support.LibraryDetector
java_class_path (initial): C:\Users\mathe\AppData\Roaming\Code\User\globalStorage\redhat.java\1.47.0\config_ss_win\org.eclipse.osgi\39\0\.cp\lib\launchingsupport.jar
Launcher Type: SUN_STANDARD

Environment Variables:
JAVA_HOME=C:\Program Files\Java\jdk-21
PATH=C:\Program Files\Common Files\Oracle\Java\javapath;C:\Program Files (x86)\Razer Chroma SDK\bin;C:\Program Files\Razer Chroma SDK\bin;C:\Program Files (x86)\Razer\ChromaBroadcast\bin;C:\Program Files\Razer\ChromaBroadcast\bin;C:\Windows\system32;C:\Windows;C:\Windows\System32\Wbem;C:\Windows\System32\WindowsPowerShell\v1.0\;C:\Windows\System32\OpenSSH\;C:\Program Files\dotnet\;C:\Program Files (x86)\NVIDIA Corporation\PhysX\Common;C:\Program Files\NVIDIA Corporation\NVIDIA app\NvDLISR;C:\Windows\system32\config\systemprofile\AppData\Local\Microsoft\WindowsApps;C:\Users\mathe\AppData\Local\Programs\Python\Python312\Scripts\;C:\Users\mathe\AppData\Local\Programs\Python\Python312\;C:\Users\mathe\AppData\Local\Microsoft\WindowsApps;C:\Users\mathe\AppData\Local\Programs\Microsoft VS Code\bin;C:\WINDOWS\system32;C:\WINDOWS;C:\WINDOWS\System32\Wbem;C:\WINDOWS\System32\WindowsPowerShell\v1.0\;C:\WINDOWS\System32\OpenSSH\;M:\apache-maven-3.9.9-bin\apache-maven-3.9.9\bin;C:\Program Files\Java\jdk-21;C:\Program Files\Java\jdk-21\bin;C:\Program Files\Java\jdk-21\bin;C:\Program Files\Java\jdk-8.0.442.6-hotspot\bin;C:\Program Files\Java\jdk-11.0.26.4-hotspot\bin;C:\Program Files\Git\cmd;C:\Users\mathe\AppData\Local\Programs\Python\Python312\Scripts\;C:\Users\mathe\AppData\Local\Programs\Python\Python312\;C:\eda\GHDL\bin;C:\eda\gtkwave\bin;C:\Users\mathe\AppData\Local\Microsoft\WindowsApps;M:\apache-maven-3.9.9-bin\apache-maven-3.9.9\bin;C:\Users\mathe\AppData\Local\Programs\Microsoft VS Code\bin;C:\Users\mathe\AppData\Local\GitHubDesktop\bin
USERNAME=mathe
OS=Windows_NT
PROCESSOR_IDENTIFIER=Intel64 Family 6 Model 183 Stepping 1, GenuineIntel



---------------  S Y S T E M  ---------------

OS: Windows 11 , 64 bit Build 26100 (10.0.26100.7019)

CPU:total 16 (initial active 16) (8 cores per cpu, 2 threads per core) family 6 model 183 stepping 1, cmov, cx8, fxsr, mmx, sse, sse2, sse3, ssse3, sse4.1, sse4.2, popcnt, avx, avx2, aes, clmul, erms, 3dnowpref, lzcnt, ht, tsc, tscinvbit, bmi1, bmi2, adx

Memory: 4k page, physical 16454352k(1791392k free), swap 29037264k(33340k free)

vm_info: OpenJDK 64-Bit Server VM (25.442-b06) for windows-amd64 JRE (1.8.0_442-b06), built on Jan 22 2025 02:15:53 by "ContainerUser" with unknown MS VC++:1937

time: Wed Nov  5 14:46:17 2025
timezone: Hora oficial do Brasil
elapsed time: 2.049118 seconds (0d 0h 0m 2s)

